<html>
<body>
<pre>
<h1>µVision Build Log</h1>
<h2>Tool Versions:</h2>
IDE-Version: ¦ÌVision V5.38.0.0
Copyright (C) 2022 ARM Ltd and ARM Germany GmbH. All rights reserved.
License Information: NO NO, NO, LIC=PE7DL-0HA9Q-EV91R-KR281-8IHFH-L458F
 
Tool Versions:
Toolchain:       MDK-ARM Plus  Version: 5.38.0.0
Toolchain Path:  D:\APP_DATA\Code\Keil\Keil_v5\ARM\ARM_Compiler_5.06u7\Bin
C Compiler:      Armcc.exe V5.06 update 7 (build 960)
Assembler:       Armasm.exe V5.06 update 7 (build 960)
Linker/Locator:  ArmLink.exe V5.06 update 7 (build 960)
Library Manager: ArmAr.exe V5.06 update 7 (build 960)
Hex Converter:   FromElf.exe V5.06 update 7 (build 960)
CPU DLL:         SARMCM3.DLL V5.38.0.0
Dialog DLL:      DCM.DLL V1.17.5.0
Target DLL:      CMSIS_AGDI.dll V1.33.15.0
Dialog DLL:      TCM.DLL V1.56.4.0
 
<h2>Project:</h2>
C:\Users\ZHIHUI\Desktop\Project_ZH\2.FOC\1.Soft\1.FOC_PWM\FOC_PWM_A\MDK-ARM\FOC_PWM_A.uvprojx
Project File Date:  11/16/2023

<h2>Output:</h2>
*** Using Compiler 'V5.06 update 7 (build 960)', folder: 'D:\APP_DATA\Code\Keil\Keil_v5\ARM\ARM_Compiler_5.06u7\Bin'
Build target 'FOC_PWM_A'
compiling main.c...
../Core/Src/main.c(128): warning:  #223-D: function "printf" declared implicitly
  		printf("d: %d, %d, %d\n",ADCValueDMA[0],ADCValueDMA[1],ADCValueDMA[2]);
../Core/Src/main.c: 1 warning, 0 errors
linking...
Program Size: Code=15636 RO-data=748 RW-data=72 ZI-data=1416  
FromELF: creating hex file...
"FOC_PWM_A\FOC_PWM_A.axf" - 0 Error(s), 1 Warning(s).

<h2>Software Packages used:</h2>

Package Vendor: ARM
                http://www.keil.com/pack/ARM.CMSIS.5.9.0.pack
                ARM.CMSIS.5.9.0
                CMSIS (Common Microcontroller Software Interface Standard)
   * Component: CORE Version: 5.6.0

Package Vendor: Keil
                https://www.keil.com/pack/Keil.STM32F4xx_DFP.2.17.1.pack
                Keil.STM32F4xx_DFP.2.17.1
                STMicroelectronics STM32F4 Series Device Support, Drivers and Examples

<h2>Collection of Component include folders:</h2>
  ./RTE/_FOC_PWM_A
  D:/APP_DATA/Code/Keil/Pake/ARM/CMSIS/5.9.0/CMSIS/Core/Include
  D:/APP_DATA/Code/Keil/Pake/Keil/STM32F4xx_DFP/2.17.1/Drivers/CMSIS/Device/ST/STM32F4xx/Include

<h2>Collection of Component Files used:</h2>

   * Component: ARM::CMSIS:CORE:5.6.0
      Include file:  CMSIS/Core/Include/tz_context.h
Build Time Elapsed:  00:00:08
</pre>
</body>
</html>
